Archive member included because of file (symbol)

../../..//mcu/libfitkit/build\libfitkit_f2xx.a(fitkitlib_f2xx.o)
                              build/mcu/main_f2xx.o (initialize_hardware)
../../..//mcu/libfitkit/build\libfitkit_f2xx.a(flash_f2xx.o)
                              ../../..//mcu/libfitkit/build\libfitkit_f2xx.a(fitkitlib_f2xx.o) (flash_init)
../../..//mcu/libfitkit/build\libfitkit_f2xx.a(flash_fpga_f2xx.o)
                              ../../..//mcu/libfitkit/build\libfitkit_f2xx.a(fitkitlib_f2xx.o) (FPGAConfig_init)
../../..//mcu/libfitkit/build\libfitkit_f2xx.a(fpga_f2xx.o)
                              ../../..//mcu/libfitkit/build\libfitkit_f2xx.a(fitkitlib_f2xx.o) (FPGA_init)
../../..//mcu/libfitkit/build\libfitkit_f2xx.a(globfun_f2xx.o)
                              ../../..//mcu/libfitkit/build\libfitkit_f2xx.a(flash_f2xx.o) (long2str)
../../..//mcu/libfitkit/build\libfitkit_f2xx.a(spi_f2xx.o)
                              ../../..//mcu/libfitkit/build\libfitkit_f2xx.a(fitkitlib_f2xx.o) (SPI_Init)
../../..//mcu/libfitkit/build\libfitkit_f2xx.a(terminal_f2xx.o)
                              ../../..//mcu/libfitkit/build\libfitkit_f2xx.a(fitkitlib_f2xx.o) (terminal_init)
../../..//mcu/libfitkit/build\libfitkit_f2xx.a(timer_b_f2xx.o)
                              ../../..//mcu/libfitkit/build\libfitkit_f2xx.a(fitkitlib_f2xx.o) (timerb_init)
../../..//mcu/libfitkit/build\libfitkit_f2xx.a(uart_f2xx.o)
                              ../../..//mcu/libfitkit/build\libfitkit_f2xx.a(terminal_f2xx.o) (serial_init)
../../..//mcu/libfitkit/build\libfitkit_f2xx.a(filetransfer_f2xx.o)
                              ../../..//mcu/libfitkit/build\libfitkit_f2xx.a(fitkitlib_f2xx.o) (SPI_WriteFile)
../../..//mcu/libfitkit/build\libfitkit_f2xx.a(cmd_f2xx.o)
                              ../../..//mcu/libfitkit/build\libfitkit_f2xx.a(terminal_f2xx.o) (term_cmd_clear)
c:\mspgcc\bin\..\lib\gcc-lib\msp430\3.2.3\libgcc.a(__stop_progExec__.o)
                              build/mcu/main_f2xx.o (__stop_progExec__)
c:\mspgcc\bin\..\lib\gcc-lib\msp430\3.2.3\libgcc.a(_mulsi3hw.o)
                              ../../..//mcu/libfitkit/build\libfitkit_f2xx.a(flash_f2xx.o) (__umulsi3hw)
c:\mspgcc\bin\..\lib\gcc-lib\msp430\3.2.3\libgcc.a(_udivmodsi4.o)
                              ../../..//mcu/libfitkit/build\libfitkit_f2xx.a(flash_f2xx.o) (__udivmodsi4)
c:\mspgcc\bin\..\lib\gcc-lib\msp430\3.2.3\libgcc.a(_divmodsi4.o)
                              ../../..//mcu/libfitkit/build\libfitkit_f2xx.a(flash_f2xx.o) (__divmodsi4)
c:\mspgcc\bin\..\lib\gcc-lib\msp430\3.2.3\libgcc.a(_reset_vector__.o)
                              c:\mspgcc\bin\..\lib\gcc-lib\msp430\3.2.3\..\..\..\..\msp430\lib\crt430x2617.o (_reset_vector__)
c:\mspgcc\bin\..\lib\gcc-lib\msp430\3.2.3\libgcc.a(__low_level_init.o)
                              c:\mspgcc\bin\..\lib\gcc-lib\msp430\3.2.3\libgcc.a(_reset_vector__.o) (__low_level_init)
c:\mspgcc\bin\..\lib\gcc-lib\msp430\3.2.3\libgcc.a(_copy_data.o)
                              c:\mspgcc\bin\..\lib\gcc-lib\msp430\3.2.3\libgcc.a(_reset_vector__.o) (__do_copy_data)
c:\mspgcc\bin\..\lib\gcc-lib\msp430\3.2.3\libgcc.a(_clear_bss.o)
                              c:\mspgcc\bin\..\lib\gcc-lib\msp430\3.2.3\libgcc.a(_reset_vector__.o) (__do_clear_bss)
c:\mspgcc\bin\..\lib\gcc-lib\msp430\3.2.3\libgcc.a(__jump_to_main.o)
                              c:\mspgcc\bin\..\lib\gcc-lib\msp430\3.2.3\libgcc.a(_reset_vector__.o) (__jump_to_main)
c:\mspgcc\bin\..\lib\gcc-lib\msp430\3.2.3\..\..\..\..\msp430\lib\libc.a(isdigit.o)
                              ../../..//mcu/libfitkit/build\libfitkit_f2xx.a(globfun_f2xx.o) (isdigit)
c:\mspgcc\bin\..\lib\gcc-lib\msp430\3.2.3\..\..\..\..\msp430\lib\libc.a(strlen.o)
                              build/mcu/display_f2xx.o (strlen)

Allocating common symbols
Common symbol       size              file

BreakFlag           0x1               ../../..//mcu/libfitkit/build\libfitkit_f2xx.a(uart_f2xx.o)
TransmitNum         0x1               ../../..//mcu/libfitkit/build\libfitkit_f2xx.a(uart_f2xx.o)
last_ch             0x1               build/mcu/main_f2xx.o
index_buf           0x1               build/mcu/keyboard_f2xx.o
Cmd_Old             0x1               ../../..//mcu/libfitkit/build\libfitkit_f2xx.a(terminal_f2xx.o)
cb_fun              0x2               ../../..//mcu/libfitkit/build\libfitkit_f2xx.a(filetransfer_f2xx.o)
lcd_shift_addr      0x2               build/mcu/display_f2xx.o
ReceiveNum          0x2               ../../..//mcu/libfitkit/build\libfitkit_f2xx.a(uart_f2xx.o)
i_ch                0x1               build/mcu/main_f2xx.o
lcd_cursor_addr     0x2               build/mcu/display_f2xx.o
cb_buf              0x2               ../../..//mcu/libfitkit/build\libfitkit_f2xx.a(filetransfer_f2xx.o)
CMD_Long            0x4               ../../..//mcu/libfitkit/build\libfitkit_f2xx.a(cmd_f2xx.o)
keyboard_buffer     0x14              build/mcu/keyboard_f2xx.o
CountPage           0x2               ../../..//mcu/libfitkit/build\libfitkit_f2xx.a(flash_f2xx.o)
ReceiveBuf          0x7f              ../../..//mcu/libfitkit/build\libfitkit_f2xx.a(uart_f2xx.o)
ReceiveIndexRec     0x2               ../../..//mcu/libfitkit/build\libfitkit_f2xx.a(uart_f2xx.o)
TransmitBuf         0x64              ../../..//mcu/libfitkit/build\libfitkit_f2xx.a(uart_f2xx.o)
ErrorFlag           0x1               ../../..//mcu/libfitkit/build\libfitkit_f2xx.a(uart_f2xx.o)
ReceiveIndex        0x2               ../../..//mcu/libfitkit/build\libfitkit_f2xx.a(uart_f2xx.o)
TransmitIndexSend   0x1               ../../..//mcu/libfitkit/build\libfitkit_f2xx.a(uart_f2xx.o)
TypeBufferFlash     0x1               ../../..//mcu/libfitkit/build\libfitkit_f2xx.a(flash_f2xx.o)
TransmitIndex       0x1               ../../..//mcu/libfitkit/build\libfitkit_f2xx.a(uart_f2xx.o)
PomRS232            0x1               ../../..//mcu/libfitkit/build\libfitkit_f2xx.a(uart_f2xx.o)
AdrBufferFlash      0x2               ../../..//mcu/libfitkit/build\libfitkit_f2xx.a(flash_f2xx.o)
CMDStr              0x19              ../../..//mcu/libfitkit/build\libfitkit_f2xx.a(cmd_f2xx.o)
Cmd                 0x1               ../../..//mcu/libfitkit/build\libfitkit_f2xx.a(terminal_f2xx.o)
write_index_buf     0x1               build/mcu/keyboard_f2xx.o
chars_in_buf        0x1               build/mcu/keyboard_f2xx.o
ch                  0x1               build/mcu/main_f2xx.o
CMDStrLen           0x1               ../../..//mcu/libfitkit/build\libfitkit_f2xx.a(cmd_f2xx.o)

Memory Configuration

Name             Origin             Length             Attributes
text             0x00003100         0x0000cec0         xr
data             0x00001100         0x00002000         xrw
vectors          0x0000ffc0         0x00000040         rw
bootloader       0x00000c00         0x00000400         xr
infomem          0x00001000         0x00000100         xr
infomemnobits    0x00001000         0x00000100         xr
*default*        0x00000000         0xffffffff

Linker script and memory map

LOAD c:\mspgcc\bin\..\lib\gcc-lib\msp430\3.2.3\..\..\..\..\msp430\lib\crt430x2617.o
LOAD build/mcu/display_f2xx.o
LOAD build/mcu/keyboard_f2xx.o
LOAD build/mcu/main_f2xx.o
LOAD ../../..//mcu/libfitkit/build\libfitkit_f2xx.a
LOAD c:\mspgcc\bin\..\lib\gcc-lib\msp430\3.2.3\libgcc.a
LOAD c:\mspgcc\bin\..\lib\gcc-lib\msp430\3.2.3\..\..\..\..\msp430\lib\libc.a
LOAD c:\mspgcc\bin\..\lib\gcc-lib\msp430\3.2.3\libgcc.a

.hash
 *(.hash)

.dynsym
 *(.dynsym)

.dynstr
 *(.dynstr)

.gnu.version
 *(.gnu.version)

.gnu.version_d
 *(.gnu.version_d)

.gnu.version_r
 *(.gnu.version_r)

.rel.init
 *(.rel.init)

.rela.init
 *(.rela.init)

.rel.text
 *(.rel.text)
 *(.rel.text.*)
 *(.rel.gnu.linkonce.t*)

.rela.text
 *(.rela.text)
 *(.rela.text.*)
 *(.rela.gnu.linkonce.t*)

.rel.fini
 *(.rel.fini)

.rela.fini
 *(.rela.fini)

.rel.rodata
 *(.rel.rodata)
 *(.rel.rodata.*)
 *(.rel.gnu.linkonce.r*)

.rela.rodata
 *(.rela.rodata)
 *(.rela.rodata.*)
 *(.rela.gnu.linkonce.r*)

.rel.data
 *(.rel.data)
 *(.rel.data.*)
 *(.rel.gnu.linkonce.d*)

.rela.data
 *(.rela.data)
 *(.rela.data.*)
 *(.rela.gnu.linkonce.d*)

.rel.ctors
 *(.rel.ctors)

.rela.ctors
 *(.rela.ctors)

.rel.dtors
 *(.rel.dtors)

.rela.dtors
 *(.rela.dtors)

.rel.got
 *(.rel.got)

.rela.got
 *(.rela.got)

.rel.bss
 *(.rel.bss)

.rela.bss
 *(.rela.bss)

.rel.plt
 *(.rel.plt)

.rela.plt
 *(.rela.plt)

.text           0x00003100     0x51fa
                0x00003100                . = ALIGN (0x2)
 *(.init)
 *(.init)
 *(.init0)
 .init0         0x00003100        0x0 c:\mspgcc\bin\..\lib\gcc-lib\msp430\3.2.3\libgcc.a(_reset_vector__.o)
                0x00003100                _reset_vector__
 *(.init0)
 *(.init1)
 *(.init1)
 *(.init2)
 *(.init2)
 *(.init3)
 .init3         0x00003100        0x6 c:\mspgcc\bin\..\lib\gcc-lib\msp430\3.2.3\libgcc.a(__low_level_init.o)
                0x00003100                __low_level_init
 *(.init3)
 *(.init4)
 .init4         0x00003106       0x12 c:\mspgcc\bin\..\lib\gcc-lib\msp430\3.2.3\libgcc.a(_copy_data.o)
                0x00003106                __do_copy_data
 .init4         0x00003118       0x10 c:\mspgcc\bin\..\lib\gcc-lib\msp430\3.2.3\libgcc.a(_clear_bss.o)
                0x00003118                __do_clear_bss
 *(.init4)
 *(.init5)
 *(.init5)
 *(.init6)
 *(.init6)
 *(.init7)
 *(.init7)
 *(.init8)
 *(.init8)
 *(.init9)
 .init9         0x00003128        0x4 c:\mspgcc\bin\..\lib\gcc-lib\msp430\3.2.3\libgcc.a(__jump_to_main.o)
                0x00003128                __jump_to_main
 *(.init9)
                0x0000312c                __ctors_start = .
 *(.ctors)
 *(.ctors)
                0x0000312c                __ctors_end = .
                0x0000312c                __dtors_start = .
 *(.dtors)
 *(.dtors)
                0x0000312c                __dtors_end = .
                0x0000312c                . = ALIGN (0x2)
 *(.text)
 .text          0x0000312c        0x6 c:\mspgcc\bin\..\lib\gcc-lib\msp430\3.2.3\..\..\..\..\msp430\lib\crt430x2617.o
                0x0000312c                vector_ffc0
                0x0000312c                vector_ffc8
                0x0000312c                vector_ffcc
                0x0000312c                _unexpected_1_
                0x0000312c                vector_ffe0
                0x0000312c                vector_ffc4
                0x0000312c                vector_fff0
                0x0000312c                vector_ffce
                0x0000312c                vector_fffc
                0x0000312c                vector_ffe4
                0x0000312c                vector_ffd6
                0x0000312c                vector_ffc2
                0x0000312c                vector_ffd4
                0x0000312c                vector_ffc6
                0x0000312c                vector_ffd2
                0x0000312c                vector_ffca
                0x0000312c                vector_ffde
                0x0000312c                vector_ffe2
                0x0000312c                vector_ffe8
                0x00003130                _unexpected_
                0x0000312c                vector_fff4
                0x0000312c                vector_fff8
                0x0000312c                vector_fff2
                0x0000312c                vector_ffd8
                0x0000312c                vector_ffe6
                0x0000312c                vector_ffd0
                0x0000312c                vector_ffdc
                0x0000312c                vector_fff6
                0x0000312c                vector_ffda
                0x0000312c                vector_ffea
 .text          0x00003132      0x282 build/mcu/display_f2xx.o
                0x0000318e                LCD_clear
                0x00003384                LCD_rotate
                0x000031c0                LCD_init
                0x000032fe                LCD_write_string
                0x0000320a                LCD_load_char
                0x000031ec                LCD_char2dis
                0x0000327a                LCD_append_char
                0x00003322                LCD_append_string
                0x00003132                LCD_send_cmd
 .text          0x000033b4      0x1aa build/mcu/keyboard_f2xx.o
                0x000033f6                keyboard_handle_interrupt
                0x00003444                key_decode
                0x000033b4                keyboard_get_char
 .text          0x0000355e      0x83a build/mcu/main_f2xx.o
                0x000035da                decode
                0x000037ac                keyboard_idle
                0x00003b1c                decode_user_cmd
                0x00003b12                print_user_help
                0x00003a9c                button_handler
                0x00003bd2                vector_fffa
                0x00003b66                main
                0x0000369a                help
                0x00003bd2                Timer_B
                0x0000355e                code
                0x00003b3e                fpga_initialized
 .text          0x00003d98      0x40e ../../..//mcu/libfitkit/build\libfitkit_f2xx.a(fitkitlib_f2xx.o)
                0x00003dc4                clock_system_init
                0x00003d98                delay_cycle
                0x00003e0e                smclk_stop
                0x00003e92                fpga_configure_from_flash
                0x00004086                initialize_hardware_
                0x00004196                initialize_hardware
                0x00003f90                fpga_configure_from_mcu
 .text          0x000041a6     0x1448 ../../..//mcu/libfitkit/build\libfitkit_f2xx.a(flash_f2xx.o)
                0x0000527c                FLASH_Dump_Page
                0x00005168                FLASH_EraseAll
                0x00004afc                FLASH_ReadDataBuffer
                0x000050bc                FLASH_ErasePage
                0x000045a0                FLASH_print_status
                0x00005220                FLASH_Dump_Block
                0x0000532c                FLASH_Dump_Adr
                0x0000429e                flash_init
                0x00005112                FLASH_EraseBlock
                0x00004cea                FLASH_ReadDataA
                0x00004a6c                FLASH_WriteDataBuffer
                0x0000439a                FLASH_availablepages
                0x00004c80                FLASH_isPageBlank
                0x0000447a                FLASH_IsReady
                0x00004408                FLASH_blocks
                0x000041a6                FLASH_PageToAddr
                0x000049a0                FLASH_WriteToBuffer
                0x00004fee                FLASH_WriteByte
                0x00004c12                FLASH_ReadData_Finalize
                0x00004de4                FLASH_ReadMemoryBuffer
                0x00004422                FLASH_size
                0x000051d0                FLASH_Dump_All
                0x000041d8                flash_init_
                0x00004d6e                FLASH_WriteBufferMemory
                0x00004b98                FLASH_ReadData_Initialize
                0x00004c20                FLASH_ReadData
                0x00005092                FLASH_EraseByte
                0x00004448                FLASH_ReadStatus
                0x00004e68                FLASH_ProgFPGA
 .text          0x000055ee      0x418 ../../..//mcu/libfitkit/build\libfitkit_f2xx.a(flash_fpga_f2xx.o)
                0x000055ee                delay_cycle_
                0x0000579a                FPGAConfig_finalize
                0x000057ec                FPGAConfig_detect_fpga
                0x000056b4                FPGAConfig_initialize
                0x0000561a                FPGAConfig_init
 .text          0x00005a06      0x290 ../../..//mcu/libfitkit/build\libfitkit_f2xx.a(fpga_f2xx.o)
                0x00005a3c                FPGA_SPI_RW_A8_D8
                0x00005a8c                FPGA_SPI_RW_A8_D16
                0x00005ba0                FPGA_SPI_RW_AN_DN
                0x00005b02                FPGA_SPI_RW_A8_DN
                0x00005a06                FPGA_init
                0x00005a18                FPGA_reset
 .text          0x00005c96      0x706 ../../..//mcu/libfitkit/build\libfitkit_f2xx.a(globfun_f2xx.o)
                0x00005c96                chr2bin
                0x00005da8                chr2digit
                0x00005d50                chr2hex
                0x0000614a                strrev
                0x00005eda                str2long
                0x00005faa                str2long_2x
                0x00005e24                hex2chr
                0x00005d04                digit2chr
                0x000061b6                strupper
                0x0000624c                long2str
                0x00005e78                rchr
 .text          0x0000639c       0xb8 ../../..//mcu/libfitkit/build\libfitkit_f2xx.a(spi_f2xx.o)
                0x000063de                SPI_Close
                0x000063f8                SPI_read_wait_write
                0x00006428                SPI_write_wait_read
                0x0000639c                SPI_Init
 .text          0x00006454      0x926 ../../..//mcu/libfitkit/build\libfitkit_f2xx.a(terminal_f2xx.o)
                0x00006478                terminal_init
                0x00006784                terminal_idle_cb
                0x00006d6a                terminal_idle
 .text          0x00006d7a       0xdc ../../..//mcu/libfitkit/build\libfitkit_f2xx.a(timer_b_f2xx.o)
                0x00006d7a                timerb_init
                0x00006d90                delay_ms
 .text          0x00006e56      0x3b0 ../../..//mcu/libfitkit/build\libfitkit_f2xx.a(uart_f2xx.o)
                0x00006f8c                term_send_str
                0x00007190                TxintrRS232
                0x00006fca                term_send_num
                0x0000700c                term_send_hex
                0x000071ce                RxintrRS232
                0x00007190                vector_ffec
                0x00007090                term_rcv_block
                0x00006f2e                term_send_char_idle
                0x00006eba                serial_close
                0x000071ce                vector_ffee
                0x0000712e                term_rcv_char_t
                0x00006e56                serial_init
                0x00006f54                term_send_char_hex
                0x0000704e                term_rcv_char
                0x00006eea                term_send_char
 .text          0x00007206      0x83e ../../..//mcu/libfitkit/build\libfitkit_f2xx.a(filetransfer_f2xx.o)
                0x000072c4                send_header
                0x000077ae                SPI_WriteFile
                0x000076f6                sendPageSPI
                0x00007972                ReceiveFile
                0x0000742c                writePageToFlash
                0x00007848                FLASH_WriteFile
                0x00007206                serial_rx_timeout
                0x000078a4                cbPage
                0x000075c8                transmittFile
                0x00007260                serial_tx_buf
 .text          0x00007a44      0x7f2 ../../..//mcu/libfitkit/build\libfitkit_f2xx.a(cmd_f2xx.o)
                0x00007b1e                term_cmd_decode
                0x00007a52                term_cmd_read
                0x00007a44                term_cmd_clear
 .text          0x00008236        0x0 c:\mspgcc\bin\..\lib\gcc-lib\msp430\3.2.3\libgcc.a(__stop_progExec__.o)
 .text          0x00008236        0x0 c:\mspgcc\bin\..\lib\gcc-lib\msp430\3.2.3\libgcc.a(_mulsi3hw.o)
 .text          0x00008236        0x0 c:\mspgcc\bin\..\lib\gcc-lib\msp430\3.2.3\libgcc.a(_udivmodsi4.o)
 .text          0x00008236        0x0 c:\mspgcc\bin\..\lib\gcc-lib\msp430\3.2.3\libgcc.a(_divmodsi4.o)
 .text          0x00008236        0x0 c:\mspgcc\bin\..\lib\gcc-lib\msp430\3.2.3\libgcc.a(_reset_vector__.o)
 .text          0x00008236        0x0 c:\mspgcc\bin\..\lib\gcc-lib\msp430\3.2.3\libgcc.a(__low_level_init.o)
 .text          0x00008236        0x0 c:\mspgcc\bin\..\lib\gcc-lib\msp430\3.2.3\libgcc.a(_copy_data.o)
 .text          0x00008236        0x0 c:\mspgcc\bin\..\lib\gcc-lib\msp430\3.2.3\libgcc.a(_clear_bss.o)
 .text          0x00008236        0x0 c:\mspgcc\bin\..\lib\gcc-lib\msp430\3.2.3\libgcc.a(__jump_to_main.o)
 .text          0x00008236       0x12 c:\mspgcc\bin\..\lib\gcc-lib\msp430\3.2.3\..\..\..\..\msp430\lib\libc.a(isdigit.o)
                0x00008236                isdigit
 .text          0x00008248       0x14 c:\mspgcc\bin\..\lib\gcc-lib\msp430\3.2.3\..\..\..\..\msp430\lib\libc.a(strlen.o)
                0x00008248                strlen
                0x0000825c                . = ALIGN (0x2)
 *(.text.*)
 .text.libgcc   0x0000825c        0x0 c:\mspgcc\bin\..\lib\gcc-lib\msp430\3.2.3\libgcc.a(__stop_progExec__.o)
 .text.libgcc   0x0000825c       0x28 c:\mspgcc\bin\..\lib\gcc-lib\msp430\3.2.3\libgcc.a(_mulsi3hw.o)
                0x0000825c                __umulsi3hw
 .text.libgcc   0x00008284       0x2a c:\mspgcc\bin\..\lib\gcc-lib\msp430\3.2.3\libgcc.a(_udivmodsi4.o)
                0x00008284                __udivmodsi4
 .text.libgcc   0x000082ae       0x4a c:\mspgcc\bin\..\lib\gcc-lib\msp430\3.2.3\libgcc.a(_divmodsi4.o)
                0x000082ae                __divmodsi4
 .text.libgcc   0x000082f8        0x0 c:\mspgcc\bin\..\lib\gcc-lib\msp430\3.2.3\libgcc.a(_reset_vector__.o)
 .text.libgcc   0x000082f8        0x0 c:\mspgcc\bin\..\lib\gcc-lib\msp430\3.2.3\libgcc.a(__low_level_init.o)
 .text.libgcc   0x000082f8        0x0 c:\mspgcc\bin\..\lib\gcc-lib\msp430\3.2.3\libgcc.a(_copy_data.o)
 .text.libgcc   0x000082f8        0x0 c:\mspgcc\bin\..\lib\gcc-lib\msp430\3.2.3\libgcc.a(_clear_bss.o)
 .text.libgcc   0x000082f8        0x0 c:\mspgcc\bin\..\lib\gcc-lib\msp430\3.2.3\libgcc.a(__jump_to_main.o)
                0x000082f8                . = ALIGN (0x2)
 *(.fini9)
 .fini9         0x000082f8        0x0 c:\mspgcc\bin\..\lib\gcc-lib\msp430\3.2.3\libgcc.a(__stop_progExec__.o)
                0x000082f8                __stop_progExec__
 *(.fini9)
 *(.fini8)
 *(.fini8)
 *(.fini7)
 *(.fini7)
 *(.fini6)
 *(.fini6)
 *(.fini5)
 *(.fini5)
 *(.fini4)
 *(.fini4)
 *(.fini3)
 *(.fini3)
 *(.fini2)
 *(.fini2)
 *(.fini1)
 *(.fini1)
 *(.fini0)
 .fini0         0x000082f8        0x2 c:\mspgcc\bin\..\lib\gcc-lib\msp430\3.2.3\libgcc.a(__stop_progExec__.o)
 *(.fini0)
 *(.fini)
 *(.fini)
                0x000082fa                _etext = .

.data           0x00001100       0x3e load address 0x000082fa
                0x00001100                PROVIDE (__data_start, .)
                0x00001100                . = ALIGN (0x2)
 *(.data)
 .data          0x00001100        0x0 c:\mspgcc\bin\..\lib\gcc-lib\msp430\3.2.3\..\..\..\..\msp430\lib\crt430x2617.o
 .data          0x00001100        0x0 build/mcu/display_f2xx.o
 .data          0x00001100        0x0 build/mcu/keyboard_f2xx.o
 .data          0x00001100       0x38 build/mcu/main_f2xx.o
                0x0000112c                btn_cnt_6
                0x00001136                shift
                0x00001126                btn_cnt_3
                0x00001100                char_cnt
                0x00001130                btn_cnt_8
                0x00001134                btn_cnt_0
                0x0000112e                btn_cnt_7
                0x00001122                index
                0x00001128                btn_cnt_4
                0x00001124                btn_cnt_2
                0x00001132                btn_cnt_9
                0x00001102                str
                0x0000112a                btn_cnt_5
 .data          0x00001138        0x4 ../../..//mcu/libfitkit/build\libfitkit_f2xx.a(fitkitlib_f2xx.o)
                0x00001138                FPGA_config_length
 .data          0x0000113c        0x2 ../../..//mcu/libfitkit/build\libfitkit_f2xx.a(flash_f2xx.o)
                0x0000113c                CNT_PAGES
 .data          0x0000113e        0x0 ../../..//mcu/libfitkit/build\libfitkit_f2xx.a(flash_fpga_f2xx.o)
 .data          0x0000113e        0x0 ../../..//mcu/libfitkit/build\libfitkit_f2xx.a(fpga_f2xx.o)
 .data          0x0000113e        0x0 ../../..//mcu/libfitkit/build\libfitkit_f2xx.a(globfun_f2xx.o)
 .data          0x0000113e        0x0 ../../..//mcu/libfitkit/build\libfitkit_f2xx.a(spi_f2xx.o)
 .data          0x0000113e        0x0 ../../..//mcu/libfitkit/build\libfitkit_f2xx.a(terminal_f2xx.o)
 .data          0x0000113e        0x0 ../../..//mcu/libfitkit/build\libfitkit_f2xx.a(timer_b_f2xx.o)
 .data          0x0000113e        0x0 ../../..//mcu/libfitkit/build\libfitkit_f2xx.a(uart_f2xx.o)
 .data          0x0000113e        0x0 ../../..//mcu/libfitkit/build\libfitkit_f2xx.a(filetransfer_f2xx.o)
 .data          0x0000113e        0x0 ../../..//mcu/libfitkit/build\libfitkit_f2xx.a(cmd_f2xx.o)
 .data          0x0000113e        0x0 c:\mspgcc\bin\..\lib\gcc-lib\msp430\3.2.3\libgcc.a(__stop_progExec__.o)
 .data          0x0000113e        0x0 c:\mspgcc\bin\..\lib\gcc-lib\msp430\3.2.3\libgcc.a(_mulsi3hw.o)
 .data          0x0000113e        0x0 c:\mspgcc\bin\..\lib\gcc-lib\msp430\3.2.3\libgcc.a(_udivmodsi4.o)
 .data          0x0000113e        0x0 c:\mspgcc\bin\..\lib\gcc-lib\msp430\3.2.3\libgcc.a(_divmodsi4.o)
 .data          0x0000113e        0x0 c:\mspgcc\bin\..\lib\gcc-lib\msp430\3.2.3\libgcc.a(_reset_vector__.o)
 .data          0x0000113e        0x0 c:\mspgcc\bin\..\lib\gcc-lib\msp430\3.2.3\libgcc.a(__low_level_init.o)
 .data          0x0000113e        0x0 c:\mspgcc\bin\..\lib\gcc-lib\msp430\3.2.3\libgcc.a(_copy_data.o)
 .data          0x0000113e        0x0 c:\mspgcc\bin\..\lib\gcc-lib\msp430\3.2.3\libgcc.a(_clear_bss.o)
 .data          0x0000113e        0x0 c:\mspgcc\bin\..\lib\gcc-lib\msp430\3.2.3\libgcc.a(__jump_to_main.o)
 .data          0x0000113e        0x0 c:\mspgcc\bin\..\lib\gcc-lib\msp430\3.2.3\..\..\..\..\msp430\lib\libc.a(isdigit.o)
 .data          0x0000113e        0x0 c:\mspgcc\bin\..\lib\gcc-lib\msp430\3.2.3\..\..\..\..\msp430\lib\libc.a(strlen.o)
 *(SORT(.data.*))
                0x0000113e                . = ALIGN (0x2)
 *(.gnu.linkonce.d*)
                0x0000113e                . = ALIGN (0x2)
                0x0000113e                _edata = .
                0x000082fa                PROVIDE (__data_load_start, LOADADDR (.data))
                0x0000003e                PROVIDE (__data_size, SIZEOF (.data))

.bootloader     0x00000c00        0x0
                0x00000c00                PROVIDE (__boot_start, .)
 *(.bootloader)
                0x00000c00                . = ALIGN (0x2)
 *(.bootloader.*)

.infomem        0x00001000        0x0
 *(.infomem)
                0x00001000                . = ALIGN (0x2)
 *(.infomem.*)

.infomemnobits  0x00001000        0x0
 *(.infomemnobits)
                0x00001000                . = ALIGN (0x2)
 *(.infomemnobits.*)

.bss            0x0000113e      0x13c
                0x0000113e                PROVIDE (__bss_start, .)
 *(.bss)
 .bss           0x0000113e        0x0 c:\mspgcc\bin\..\lib\gcc-lib\msp430\3.2.3\..\..\..\..\msp430\lib\crt430x2617.o
 .bss           0x0000113e        0x0 build/mcu/display_f2xx.o
 .bss           0x0000113e        0x0 build/mcu/keyboard_f2xx.o
 .bss           0x0000113e        0x0 build/mcu/main_f2xx.o
 .bss           0x0000113e        0x0 ../../..//mcu/libfitkit/build\libfitkit_f2xx.a(fitkitlib_f2xx.o)
 .bss           0x0000113e        0x0 ../../..//mcu/libfitkit/build\libfitkit_f2xx.a(flash_f2xx.o)
 .bss           0x0000113e        0x0 ../../..//mcu/libfitkit/build\libfitkit_f2xx.a(flash_fpga_f2xx.o)
 .bss           0x0000113e        0x0 ../../..//mcu/libfitkit/build\libfitkit_f2xx.a(fpga_f2xx.o)
 .bss           0x0000113e        0x0 ../../..//mcu/libfitkit/build\libfitkit_f2xx.a(globfun_f2xx.o)
 .bss           0x0000113e        0x0 ../../..//mcu/libfitkit/build\libfitkit_f2xx.a(spi_f2xx.o)
 .bss           0x0000113e        0x0 ../../..//mcu/libfitkit/build\libfitkit_f2xx.a(terminal_f2xx.o)
 .bss           0x0000113e        0x0 ../../..//mcu/libfitkit/build\libfitkit_f2xx.a(timer_b_f2xx.o)
 .bss           0x0000113e        0x0 ../../..//mcu/libfitkit/build\libfitkit_f2xx.a(uart_f2xx.o)
 .bss           0x0000113e        0x0 ../../..//mcu/libfitkit/build\libfitkit_f2xx.a(filetransfer_f2xx.o)
 .bss           0x0000113e        0x0 ../../..//mcu/libfitkit/build\libfitkit_f2xx.a(cmd_f2xx.o)
 .bss           0x0000113e        0x0 c:\mspgcc\bin\..\lib\gcc-lib\msp430\3.2.3\libgcc.a(__stop_progExec__.o)
 .bss           0x0000113e        0x0 c:\mspgcc\bin\..\lib\gcc-lib\msp430\3.2.3\libgcc.a(_mulsi3hw.o)
 .bss           0x0000113e        0x0 c:\mspgcc\bin\..\lib\gcc-lib\msp430\3.2.3\libgcc.a(_udivmodsi4.o)
 .bss           0x0000113e        0x0 c:\mspgcc\bin\..\lib\gcc-lib\msp430\3.2.3\libgcc.a(_divmodsi4.o)
 .bss           0x0000113e        0x0 c:\mspgcc\bin\..\lib\gcc-lib\msp430\3.2.3\libgcc.a(_reset_vector__.o)
 .bss           0x0000113e        0x0 c:\mspgcc\bin\..\lib\gcc-lib\msp430\3.2.3\libgcc.a(__low_level_init.o)
 .bss           0x0000113e        0x0 c:\mspgcc\bin\..\lib\gcc-lib\msp430\3.2.3\libgcc.a(_copy_data.o)
 .bss           0x0000113e        0x0 c:\mspgcc\bin\..\lib\gcc-lib\msp430\3.2.3\libgcc.a(_clear_bss.o)
 .bss           0x0000113e        0x0 c:\mspgcc\bin\..\lib\gcc-lib\msp430\3.2.3\libgcc.a(__jump_to_main.o)
 .bss           0x0000113e        0x0 c:\mspgcc\bin\..\lib\gcc-lib\msp430\3.2.3\..\..\..\..\msp430\lib\libc.a(isdigit.o)
 .bss           0x0000113e        0x0 c:\mspgcc\bin\..\lib\gcc-lib\msp430\3.2.3\..\..\..\..\msp430\lib\libc.a(strlen.o)
 *(SORT(.bss.*))
 *(COMMON)
 COMMON         0x0000113e        0x4 build/mcu/display_f2xx.o
                0x0000113e                lcd_shift_addr
                0x00001140                lcd_cursor_addr
 COMMON         0x00001142       0x18 build/mcu/keyboard_f2xx.o
                0x00001142                index_buf
                0x00001144                keyboard_buffer
                0x00001158                write_index_buf
                0x00001159                chars_in_buf
 COMMON         0x0000115a        0x3 build/mcu/main_f2xx.o
                0x0000115a                last_ch
                0x0000115b                i_ch
                0x0000115c                ch
 *fill*         0x0000115d        0x1 00
 COMMON         0x0000115e        0x6 ../../..//mcu/libfitkit/build\libfitkit_f2xx.a(flash_f2xx.o)
                0x0000115e                CountPage
                0x00001160                TypeBufferFlash
                0x00001162                AdrBufferFlash
 COMMON         0x00001164        0x2 ../../..//mcu/libfitkit/build\libfitkit_f2xx.a(terminal_f2xx.o)
                0x00001164                Cmd_Old
                0x00001165                Cmd
 COMMON         0x00001166       0xf1 ../../..//mcu/libfitkit/build\libfitkit_f2xx.a(uart_f2xx.o)
                0x00001166                BreakFlag
                0x00001167                TransmitNum
                0x00001168                ReceiveNum
                0x0000116a                ReceiveBuf
                0x000011ea                ReceiveIndexRec
                0x000011ec                TransmitBuf
                0x00001250                ErrorFlag
                0x00001252                ReceiveIndex
                0x00001254                TransmitIndexSend
                0x00001255                TransmitIndex
                0x00001256                PomRS232
 *fill*         0x00001257        0x1 00
 COMMON         0x00001258        0x4 ../../..//mcu/libfitkit/build\libfitkit_f2xx.a(filetransfer_f2xx.o)
                0x00001258                cb_fun
                0x0000125a                cb_buf
 COMMON         0x0000125c       0x1e ../../..//mcu/libfitkit/build\libfitkit_f2xx.a(cmd_f2xx.o)
                0x0000125c                CMD_Long
                0x00001260                CMDStr
                0x00001279                CMDStrLen
                0x0000127a                PROVIDE (__bss_end, .)
                0x0000127a                _end = .
                0x0000013c                PROVIDE (__bss_size, SIZEOF (.bss))

.noinit         0x0000127a        0x0
                0x0000127a                PROVIDE (__noinit_start, .)
 *(.noinit)
 *(.noinit.*)
 *(COMMON)
                0x0000127a                PROVIDE (__noinit_end, .)
                0x0000127a                _end = .

.vectors        0x0000ffc0       0x40
                0x0000ffc0                PROVIDE (__vectors_start, .)
 *(.vectors*)
 .vectors       0x0000ffc0       0x40 c:\mspgcc\bin\..\lib\gcc-lib\msp430\3.2.3\..\..\..\..\msp430\lib\crt430x2617.o
                0x0000ffc0                InterruptVectors
 *(.vectors*)
                0x00010000                _vectors_end = .

.profiler
 *(.profiler)

.stab           0x00000000      0x738
 *(.stab)
 .stab          0x00000000      0x1b0 c:\mspgcc\bin\..\lib\gcc-lib\msp430\3.2.3\..\..\..\..\msp430\lib\crt430x2617.o
 .stab          0x000001b0      0x168 c:\mspgcc\bin\..\lib\gcc-lib\msp430\3.2.3\..\..\..\..\msp430\lib\libc.a(isdigit.o)
                                0x174 (size before relaxing)
 .stab          0x00000318      0x420 c:\mspgcc\bin\..\lib\gcc-lib\msp430\3.2.3\..\..\..\..\msp430\lib\libc.a(strlen.o)
                                0x42c (size before relaxing)

.stabstr        0x00000000      0x8d6
 *(.stabstr)
 .stabstr       0x00000000      0x8d6 c:\mspgcc\bin\..\lib\gcc-lib\msp430\3.2.3\..\..\..\..\msp430\lib\crt430x2617.o

.stab.excl
 *(.stab.excl)

.stab.exclstr
 *(.stab.exclstr)

.stab.index
 *(.stab.index)

.stab.indexstr
 *(.stab.indexstr)

.comment
 *(.comment)

.debug
 *(.debug)

.line
 *(.line)

.debug_srcinfo
 *(.debug_srcinfo)

.debug_sfnames
 *(.debug_sfnames)

.debug_aranges
 *(.debug_aranges)

.debug_pubnames
 *(.debug_pubnames)

.debug_info
 *(.debug_info)
 *(.gnu.linkonce.wi.*)

.debug_abbrev
 *(.debug_abbrev)

.debug_line
 *(.debug_line)

.debug_frame
 *(.debug_frame)

.debug_str
 *(.debug_str)

.debug_loc
 *(.debug_loc)

.debug_macinfo
 *(.debug_macinfo)
                0x00003100                PROVIDE (__stack, 0x3100)
                0x000082fa                PROVIDE (__data_start_rom, _etext)
                0x00008338                PROVIDE (__data_end_rom, (_etext + SIZEOF (.data)))
                0x00008338                PROVIDE (__noinit_start_rom, (_etext + SIZEOF (.data)))
                0x00008338                PROVIDE (__noinit_end_rom, ((_etext + SIZEOF (.data)) + SIZEOF (.noinit)))
                0x00000000                PROVIDE (__subdevice_has_heap, 0x0)
OUTPUT(build/csr_f2xx.elf elf32-msp430)
